[tf.itech-theme.com/brittanto-preview/brittanto/index3-particle.html]
[backblue.gif]
[fade.gif]
[index.html]
[tf.itech-theme.com/brittanto-preview/brittanto/assets/images/icon/favicon.ico]
[tf.itech-theme.com/brittanto-preview/brittanto/assets/js/vendor/modernizr-2.8.3.min.js]
[tf.itech-theme.com/brittanto-preview/brittanto/index.html]
[tf.itech-theme.com/brittanto-preview/brittanto/assets/images/icon/logo.png]
[tf.itech-theme.com/brittanto-preview/brittanto/index-canvas.html]
[tf.itech-theme.com/brittanto-preview/brittanto/index-particle.html]
[tf.itech-theme.com/brittanto-preview/brittanto/index2.html]
[tf.itech-theme.com/brittanto-preview/brittanto/index2-canvas.html]
[tf.itech-theme.com/brittanto-preview/brittanto/index2-particle.html]
[tf.itech-theme.com/brittanto-preview/brittanto/index3.html]
[tf.itech-theme.com/brittanto-preview/brittanto/index3-canvas.html]
[tf.itech-theme.com/brittanto-preview/brittanto/index4.html]
[tf.itech-theme.com/brittanto-preview/brittanto/index4-canvas.html]
[tf.itech-theme.com/brittanto-preview/brittanto/index4-particle.html]
[tf.itech-theme.com/brittanto-preview/brittanto/skills.html]
[tf.itech-theme.com/brittanto-preview/brittanto/education.html]
[tf.itech-theme.com/brittanto-preview/brittanto/experience.html]
[tf.itech-theme.com/brittanto-preview/brittanto/project.html]
[tf.itech-theme.com/brittanto-preview/brittanto/blog.html]
[tf.itech-theme.com/brittanto-preview/brittanto/contact.html]
[tf.itech-theme.com/brittanto-preview/brittanto/assets/js/vendor/jquery-2.2.4.min.js]
[tf.itech-theme.com/brittanto-preview/brittanto/assets/js/bootstrap.min.js]
[tf.itech-theme.com/brittanto-preview/brittanto/assets/js/jquery.slicknav.min.js]
[tf.itech-theme.com/brittanto-preview/brittanto/assets/js/imagesloaded.pkgd.min.js]
[tf.itech-theme.com/brittanto-preview/brittanto/assets/js/isotope.pkgd.min.js]
[tf.itech-theme.com/brittanto-preview/brittanto/assets/js/jquery.magnific-popup.min.js]
[tf.itech-theme.com/brittanto-preview/brittanto/assets/js/jquery-asPieProgress.min.js]
[tf.itech-theme.com/brittanto-preview/brittanto/assets/js/wow.min.js]
[tf.itech-theme.com/brittanto-preview/brittanto/assets/js/particles.min.js]
[tf.itech-theme.com/brittanto-preview/brittanto/assets/js/plugins.js]
[tf.itech-theme.com/brittanto-preview/brittanto/assets/js/scripts.js]
[tf.itech-theme.com/brittanto-preview/brittanto/index3-particle.html]
[tf.itech-theme.com/brittanto-preview/brittanto/assets/images/icon/signature.png]
[tf.itech-theme.com/brittanto-preview/brittanto/index.html]
[tf.itech-theme.com/brittanto-preview/brittanto/index-canvas.html]
[tf.itech-theme.com/brittanto-preview/brittanto/index-particle.html]
[tf.itech-theme.com/brittanto-preview/brittanto/index2.html]
[tf.itech-theme.com/brittanto-preview/brittanto/index2-canvas.html]
[tf.itech-theme.com/brittanto-preview/brittanto/index2-particle.html]
[tf.itech-theme.com/brittanto-preview/brittanto/index3.html]
[tf.itech-theme.com/brittanto-preview/brittanto/index3-canvas.html]
[tf.itech-theme.com/brittanto-preview/brittanto/index4.html]
[tf.itech-theme.com/brittanto-preview/brittanto/index4-canvas.html]
[tf.itech-theme.com/brittanto-preview/brittanto/index4-particle.html]
[tf.itech-theme.com/brittanto-preview/brittanto/assets/images/skill/skill-left-thumb.jpg]
[tf.itech-theme.com/brittanto-preview/brittanto/skills.html]
[tf.itech-theme.com/brittanto-preview/brittanto/assets/images/skill/education-left-thumb.jpg]
[tf.itech-theme.com/brittanto-preview/brittanto/education.html]
[tf.itech-theme.com/brittanto-preview/brittanto/assets/images/skill/experience-left-thumb.jpg]
[tf.itech-theme.com/brittanto-preview/brittanto/experience.html]
[tf.itech-theme.com/brittanto-preview/brittanto/assets/images/project/1.jpg]
[tf.itech-theme.com/brittanto-preview/brittanto/assets/images/project/2.jpg]
[tf.itech-theme.com/brittanto-preview/brittanto/assets/images/project/3.jpg]
[tf.itech-theme.com/brittanto-preview/brittanto/assets/images/project/4.jpg]
[tf.itech-theme.com/brittanto-preview/brittanto/assets/images/project/5.jpg]
[tf.itech-theme.com/brittanto-preview/brittanto/assets/images/project/6.jpg]
[tf.itech-theme.com/brittanto-preview/brittanto/assets/images/project/7.jpg]
[tf.itech-theme.com/brittanto-preview/brittanto/project.html]
[tf.itech-theme.com/brittanto-preview/brittanto/blog-details.html]
[tf.itech-theme.com/brittanto-preview/brittanto/blog.html]
[tf.itech-theme.com/brittanto-preview/brittanto/assets/images/contact/contact-left-thumb.jpg]
[tf.itech-theme.com/brittanto-preview/brittanto/contact.html]
[tf.itech-theme.com/brittanto-preview/brittanto/assets/images/blog/blog-thumb.jpg]
[tf.itech-theme.com/brittanto-preview/brittanto/assets/images/author/1.jpg]
[tf.itech-theme.com/brittanto-preview/brittanto/assets/images/author/2.jpg]
[tf.itech-theme.com/brittanto-preview/brittanto/blog-details.html]
[tf.itech-theme.com/brittanto-preview/brittanto/assets/images/author/3.jpg]
[tf.itech-theme.com/brittanto-preview/brittanto/assets/css/bootstrap.min.css]
[tf.itech-theme.com/brittanto-preview/brittanto/assets/fonts/fontawesome-webfont5b62.eot]
[tf.itech-theme.com/brittanto-preview/brittanto/assets/fonts/fontawesome-webfontd41d.eot]
[tf.itech-theme.com/brittanto-preview/brittanto/assets/fonts/fontawesome-webfont5b62.woff2]
[tf.itech-theme.com/brittanto-preview/brittanto/assets/fonts/fontawesome-webfont5b62.woff]
[tf.itech-theme.com/brittanto-preview/brittanto/assets/fonts/fontawesome-webfont5b62.ttf]
[tf.itech-theme.com/brittanto-preview/brittanto/assets/css/font-awesome.min.css]
[tf.itech-theme.com/brittanto-preview/brittanto/assets/css/slicknav.min.css]
[tf.itech-theme.com/brittanto-preview/brittanto/assets/css/animate.css]
[tf.itech-theme.com/brittanto-preview/brittanto/assets/css/typography.css]
[tf.itech-theme.com/brittanto-preview/brittanto/assets/css/default-css.css]
[tf.itech-theme.com/brittanto-preview/brittanto/assets/images/icon/slider-bgshape-left.png]
[tf.itech-theme.com/brittanto-preview/brittanto/assets/images/bg/slider-bg1.jpg]
[tf.itech-theme.com/brittanto-preview/brittanto/assets/images/bg/slider-bg2.jpg]
[tf.itech-theme.com/brittanto-preview/brittanto/assets/images/bg/slider-bg3.jpg]
[tf.itech-theme.com/brittanto-preview/brittanto/assets/images/icon/pie-progress-circle-icon.png]
[tf.itech-theme.com/brittanto-preview/brittanto/assets/css/styles.css]
[tf.itech-theme.com/brittanto-preview/brittanto/assets/css/responsive.css]
[tf.itech-theme.com/brittanto-preview/brittanto/assets/css/triggerplate/color-0.css]
[tf.itech-theme.com/brittanto-preview/brittanto/index.html]
[tf.itech-theme.com/brittanto-preview/brittanto/index-canvas.html]
[tf.itech-theme.com/brittanto-preview/brittanto/blog-details.html]
[tf.itech-theme.com/brittanto-preview/brittanto/assets/fonts/fontawesome-webfont5b62.svg]
[tf.itech-theme.com/brittanto-preview/brittanto/assets/css/magnific-popup.css]
